...........X                                                             [100%]
11 passed, 1 xpassed in 1.85s
